// Jest Snapshot v1, https://goo.gl/fbAQLP

exports[`App snapshort test 1`] = `
Array [
  <nav
    className="navbar bg-dark"
  >
    <div
      className="company-details"
    >
      <span
        className="company-title"
      >
         Crypto App
      </span>
    </div>
  </nav>,
  <div
    className="container"
  >
    <div
      className="currencies-list"
    />
  </div>,
]
`;
